
> gmworkbench@0.1.0 test:e2e
> node ./scripts/e2e/run.mjs

No dist/ build detected. Building the site before running Playwright tests...
node.exe : spawn EINVAL
発生場所 C:\Program Files\nodejs\npm.ps1:29 文字:3
+   & $NODE_EXE $NPM_CLI_JS $args
+   ~~~~~~~~~~~~~~~~~~~~~~~~~~~~~
    + CategoryInfo          : NotSpecified: (s 
   pawn EINVAL:String) [], RemoteException
    + FullyQualifiedErrorId : NativeCommandErr 
   or
 
Error: spawn EINVAL
    at ChildProcess.spawn (node:internal/child_
process:420:11)
    at spawn (node:child_process:754:9)
    at file:///C:/Users/user/Makefiles/GMWorkbe
nch/scripts/e2e/run.mjs:24:19
    at new Promise (<anonymous>)
    at run (file:///C:/Users/user/Makefiles/GMW
orkbench/scripts/e2e/run.mjs:23:10)
    at ensureBuild (file:///C:/Users/user/Makef
iles/GMWorkbench/scripts/e2e/run.mjs:59:9)
    at async main (file:///C:/Users/user/Makefi
les/GMWorkbench/scripts/e2e/run.mjs:69:5)
    at async file:///C:/Users/user/Makefiles/GM
Workbench/scripts/e2e/run.mjs:86:1
